ref1	100	R	50	ref2	200	L	10
ref1	100	R	50	ref2	200	L	10
ref1	100	L	50	ref2	200	R	10
ref3	100	R	42	ref4	200	L	42
