0	cluster0.1	cluster0.2
1	cluster1.1	cluster1.2
11	cluster11.1	cluster11.2
2	cluster2.1
