gene1	.	.	has anybody got a bottle of orange juice?
gene2	.	.	we didn't burn him
