#ref_name	gene	var_only	flag	reads	cluster	ref_len	ref_base_assembled	pc_ident	ctg	ctg_len	ctg_cov	known_var	var_type	var_seq_type	known_var_change	has_known_var	ref_ctg_change	ref_ctg_effect	ref_start	ref_end	ref_nt	ctg_start	ctg_end	ctg_nt	smtls_total_depth	smtls_nts	smtls_nts_depth	var_description	free_text
cluster1	0	0	27	10000	cluster1	1000	999	99.42	cluster1.scaffold.1	1300	12.4	1	SNP	n	A51G	1	.	.	51	51	C	151	151	C	542	.	542	a:n:A51G:id2:bar	free_text2
cluster2	1	1	179	20000	cluster2	1042	1042	99.0	cluster2.scaffold.1	1442	13.5	1	SNP	p	I42L	1	I42L	NONSYN	112	112	C	442	442	T	300	.	290	a:n:I42L:id3:baz	free_text3
cluster4	1	1	179	20000	cluster4	1042	1042	99.0	cluster4.scaffold.1	1442	14.6	.	.	.	.	.	.	.	.	.	.	.	.	.	.	.	.	.	free_text3
cluster5	1	0	528	1874	cluster5	1188	1097	92.43	cluster5.scaffold.1	2218	20.0	0	.	p	.	0	E89G	NONSYN	65	265	A;A	766	766	G;C	88;90	.;.	87;90	.	.'
cluster5	1	0	528	1874	cluster5	1188	1097	92.43	cluster5.scaffold.1	2218	20.0	0	.	p	.	0	Q37fs	FSHIFT	109	109	A	634	634	.	67	.	67	.	.
