file1 line1
file1 line2
file2 line1
file2 line2
file2 line3
file3 line1
